 testc

 Timestamp is 516c2c73 (Mon Apr 15 19:36:03 2013)

 Preferred load address is 0000000180000000

 Start         Length     Name                   Class
 0001:00000000 00001858H .text                   CODE
 0001:00001860 0000007bH .text$x                 CODE
 0002:00000000 00000138H .idata$5                DATA
 0002:00000138 00000008H .CRT$XCA                DATA
 0002:00000140 00000008H .CRT$XCZ                DATA
 0002:00000148 00000008H .CRT$XIA                DATA
 0002:00000150 00000008H .CRT$XIAA               DATA
 0002:00000158 00000008H .CRT$XIC                DATA
 0002:00000160 00000008H .CRT$XIZ                DATA
 0002:00000170 000007b0H .rdata                  DATA
 0002:00000920 00000008H .rtc$IAA                DATA
 0002:00000928 00000008H .rtc$IZZ                DATA
 0002:00000930 00000008H .rtc$TAA                DATA
 0002:00000938 00000008H .rtc$TZZ                DATA
 0002:00000940 00000118H .xdata                  DATA
 0002:00000a58 00000050H .idata$2                DATA
 0002:00000aa8 00000014H .idata$3                DATA
 0002:00000ac0 00000138H .idata$4                DATA
 0002:00000bf8 000002a0H .idata$6                DATA
 0002:00000ea0 0000004bH .edata                  DATA
 0003:00000000 00000048H .data                   DATA
 0003:00000050 00000680H .bss                    DATA
 0004:00000000 00000144H .pdata                  DATA

  Address         Publics by Value              Rva+Base               Lib:Object

 0000:00000000       ___safe_se_handler_count   0000000000000000     <absolute>
 0000:00000000       ___safe_se_handler_table   0000000000000000     <absolute>
 0000:00000000       __ImageBase                0000000180000000     <linker-defined>
 0001:00000740       mexFunction                0000000180001740 f   testc.obj
 0001:00000e9c       mxCalloc                   0000000180001e9c f   libmx:libmx.dll
 0001:00000ea2       mxIsNumeric                0000000180001ea2 f   libmx:libmx.dll
 0001:00000ea8       mxIsComplex                0000000180001ea8 f   libmx:libmx.dll
 0001:00000eae       mxGetPr                    0000000180001eae f   libmx:libmx.dll
 0001:00000eb4       mxGetM                     0000000180001eb4 f   libmx:libmx.dll
 0001:00000eba       mxGetN                     0000000180001eba f   libmx:libmx.dll
 0001:00000ec0       mxCreateDoubleMatrix_700   0000000180001ec0 f   libmx:libmx.dll
 0001:00000ec6       mexErrMsgTxt               0000000180001ec6 f   libmex:libmex.dll
 0001:00000ecc       __GSHandlerCheck           0000000180001ecc f   MSVCRT:gshandler.obj
 0001:00000eec       __GSHandlerCheckCommon     0000000180001eec f   MSVCRT:gshandler.obj
 0001:00000f60       __security_check_cookie    0000000180001f60 f   MSVCRT:amdsecgs.obj
 0001:00000fe0       _CRT_INIT                  0000000180001fe0 f   MSVCRT:crtdll.obj
 0001:0000122c       _DllMainCRTStartup         000000018000222c f   MSVCRT:crtdll.obj
 0001:000013a4       __raise_securityfailure    00000001800023a4 f   MSVCRT:gs_report.obj
 0001:000013f0       __report_gsfailure         00000001800023f0 f   MSVCRT:gs_report.obj
 0001:000014c2       __CppXcptFilter            00000001800024c2 f   MSVCRT:MSVCR110.dll
 0001:000014c8       _amsg_exit                 00000001800024c8 f   MSVCRT:MSVCR110.dll
 0001:000014d0       _FindPESection             00000001800024d0 f   MSVCRT:pesect.obj
 0001:00001520       _IsNonwritableInCurrentImage 0000000180002520 f   MSVCRT:pesect.obj
 0001:00001570       _ValidateImageBase         0000000180002570 f   MSVCRT:pesect.obj
 0001:000015a0       __atonexitinit             00000001800025a0 f   MSVCRT:atonexit.obj
 0001:000015f0       _onexit                    00000001800025f0 f   MSVCRT:atonexit.obj
 0001:000016a0       atexit                     00000001800026a0 f   MSVCRT:atonexit.obj
 0001:000016b8       __security_init_cookie     00000001800026b8 f   MSVCRT:gs_support.obj
 0001:00001770       DllMain                    0000000180002770 f   MSVCRT:dllmain.obj
 0001:00001794       _RTC_Initialize            0000000180002794 f   MSVCRT:initsect.obj
 0001:000017cc       _RTC_Terminate             00000001800027cc f   MSVCRT:initsect.obj
 0001:00001804       _initterm                  0000000180002804 f   MSVCRT:MSVCR110.dll
 0001:0000180a       _initterm_e                000000018000280a f   MSVCRT:MSVCR110.dll
 0001:00001810       __clean_type_info_names    0000000180002810 f   MSVCRT:tncleanup.obj
 0001:0000181c       __C_specific_handler       000000018000281c f   MSVCRT:MSVCR110.dll
 0001:00001822       __crt_debugger_hook        0000000180002822 f   MSVCRT:MSVCR110.dll
 0001:00001828       __crtUnhandledException    0000000180002828 f   MSVCRT:MSVCR110.dll
 0001:0000182e       __crtTerminateProcess      000000018000282e f   MSVCRT:MSVCR110.dll
 0001:00001834       __crtCapturePreviousContext 0000000180002834 f   MSVCRT:MSVCR110.dll
 0001:0000183a       _lock                      000000018000283a f   MSVCRT:MSVCR110.dll
 0001:00001840       _unlock                    0000000180002840 f   MSVCRT:MSVCR110.dll
 0001:00001846       __dllonexit                0000000180002846 f   MSVCRT:MSVCR110.dll
 0001:0000184c       __clean_type_info_names_internal 000000018000284c f   MSVCRT:MSVCR110.dll
 0001:00001852       IsProcessorFeaturePresent  0000000180002852 f   kernel32:KERNEL32.dll
 0002:00000000       __imp_DisableThreadLibraryCalls 0000000180003000     kernel32:KERNEL32.dll
 0002:00000008       __imp_GetTickCount64       0000000180003008     kernel32:KERNEL32.dll
 0002:00000010       __imp_GetSystemTimeAsFileTime 0000000180003010     kernel32:KERNEL32.dll
 0002:00000018       __imp_GetCurrentThreadId   0000000180003018     kernel32:KERNEL32.dll
 0002:00000020       __imp_QueryPerformanceCounter 0000000180003020     kernel32:KERNEL32.dll
 0002:00000028       __imp_IsProcessorFeaturePresent 0000000180003028     kernel32:KERNEL32.dll
 0002:00000030       __imp_IsDebuggerPresent    0000000180003030     kernel32:KERNEL32.dll
 0002:00000038       __imp_DecodePointer        0000000180003038     kernel32:KERNEL32.dll
 0002:00000040       __imp_EncodePointer        0000000180003040     kernel32:KERNEL32.dll
 0002:00000048       \177KERNEL32_NULL_THUNK_DATA 0000000180003048     kernel32:KERNEL32.dll
 0002:00000050       __imp___clean_type_info_names_internal 0000000180003050     MSVCRT:MSVCR110.dll
 0002:00000058       __imp__onexit              0000000180003058     MSVCRT:MSVCR110.dll
 0002:00000060       __imp_sprintf              0000000180003060     MSVCRT:MSVCR110.dll
 0002:00000068       __imp_free                 0000000180003068     MSVCRT:MSVCR110.dll
 0002:00000070       __imp___CppXcptFilter      0000000180003070     MSVCRT:MSVCR110.dll
 0002:00000078       __imp__amsg_exit           0000000180003078     MSVCRT:MSVCR110.dll
 0002:00000080       __imp__malloc_crt          0000000180003080     MSVCRT:MSVCR110.dll
 0002:00000088       __imp__initterm            0000000180003088     MSVCRT:MSVCR110.dll
 0002:00000090       __imp__initterm_e          0000000180003090     MSVCRT:MSVCR110.dll
 0002:00000098       __imp___C_specific_handler 0000000180003098     MSVCRT:MSVCR110.dll
 0002:000000a0       __imp___crt_debugger_hook  00000001800030a0     MSVCRT:MSVCR110.dll
 0002:000000a8       __imp___crtUnhandledException 00000001800030a8     MSVCRT:MSVCR110.dll
 0002:000000b0       __imp___crtTerminateProcess 00000001800030b0     MSVCRT:MSVCR110.dll
 0002:000000b8       __imp___crtCapturePreviousContext 00000001800030b8     MSVCRT:MSVCR110.dll
 0002:000000c0       __imp__lock                00000001800030c0     MSVCRT:MSVCR110.dll
 0002:000000c8       __imp__unlock              00000001800030c8     MSVCRT:MSVCR110.dll
 0002:000000d0       __imp__calloc_crt          00000001800030d0     MSVCRT:MSVCR110.dll
 0002:000000d8       __imp___dllonexit          00000001800030d8     MSVCRT:MSVCR110.dll
 0002:000000e0       \177MSVCR110_NULL_THUNK_DATA 00000001800030e0     MSVCRT:MSVCR110.dll
 0002:000000e8       __imp_mexErrMsgTxt         00000001800030e8     libmex:libmex.dll
 0002:000000f0       \177libmex_NULL_THUNK_DATA 00000001800030f0     libmex:libmex.dll
 0002:000000f8       __imp_mxCreateDoubleMatrix_700 00000001800030f8     libmx:libmx.dll
 0002:00000100       __imp_mxGetN               0000000180003100     libmx:libmx.dll
 0002:00000108       __imp_mxGetM               0000000180003108     libmx:libmx.dll
 0002:00000110       __imp_mxGetPr              0000000180003110     libmx:libmx.dll
 0002:00000118       __imp_mxIsComplex          0000000180003118     libmx:libmx.dll
 0002:00000120       __imp_mxIsNumeric          0000000180003120     libmx:libmx.dll
 0002:00000128       __imp_mxCalloc             0000000180003128     libmx:libmx.dll
 0002:00000130       \177libmx_NULL_THUNK_DATA  0000000180003130     libmx:libmx.dll
 0002:00000138       __xc_a                     0000000180003138     MSVCRT:cinitexe.obj
 0002:00000140       __xc_z                     0000000180003140     MSVCRT:cinitexe.obj
 0002:00000148       __xi_a                     0000000180003148     MSVCRT:cinitexe.obj
 0002:00000160       __xi_z                     0000000180003160     MSVCRT:cinitexe.obj
 0002:00000170       DYNAMIC_DIMENSION_DEF      0000000180003170     testc.obj
 0002:00000190       ??_C@_0GK@GIKCGIKD@To?5have?5nonsampled?5zero?5crossing@ 0000000180003190     testc.obj
 0002:00000200       ??_C@_0HG@PJFFKILG@To?5have?5a?5variable?5sample?5time?0?5@ 0000000180003200     testc.obj
 0002:00000278       ??_C@_05OLPOBOCM@testc?$AA@ 0000000180003278     testc.obj
 0002:00000280       ??_C@_0DH@BBMNHACP@?$CFs?5must?5be?5called?5with?5at?5least?5@ 0000000180003280     testc.obj
 0002:000002b8       ??_C@_0CM@GDGLCJDD@?$CFs?5called?5with?5too?5many?5left?5han@ 00000001800032b8     testc.obj
 0002:000002f0       ??_C@_0ED@OKJJAFCJ@The?54th?5right?5hand?5argument?0?5FLA@ 00000001800032f0     testc.obj
 0002:00000338       ??_C@_0BK@LLGLBEPA@Invalid?5flag?5passed?5to?5?$CFs?$AA@ 0000000180003338     testc.obj
 0002:00000358       ??_C@_0BD@OAOBGOLA@simulink_only_sfcn?$AA@ 0000000180003358     testc.obj
 0002:00000370       ??_C@_0JK@CJIBLHJF@S?9function?5name?5mismatch?4?5Name?5i@ 0000000180003370     testc.obj
 0002:00000410       ??_C@_0DA@DCMEFFND@Unexpected?5call?5to?5mdlInitialize@ 0000000180003410     testc.obj
 0002:00000440       ??_C@_0CI@BDILINDL@Unexpected?5call?5to?5mdlSetInputPo@ 0000000180003440     testc.obj
 0002:00000468       ??_C@_0CJ@DNAKGJD@Unexpected?5call?5to?5mdlSetOutputP@ 0000000180003468     testc.obj
 0002:00000498       ??_C@_0DA@OOOCOJGO@Unexpected?5call?5to?5mdlSetInputPo@ 0000000180003498     testc.obj
 0002:000004c8       ??_C@_0DB@FMFJBHIH@Unexpected?5call?5to?5mdlSetOutputP@ 00000001800034c8     testc.obj
 0002:00000500       ??_C@_0DC@LPGACLKL@Unexpected?5call?5to?5mdlSetDefault@ 0000000180003500     testc.obj
 0002:00000538       ??_C@_0CN@LBOEHFLM@Unexpected?5call?5to?5mdlSetInputPo@ 0000000180003538     testc.obj
 0002:00000568       ??_C@_0CO@KMKLFKNE@Unexpected?5call?5to?5mdlSetOutputP@ 0000000180003568     testc.obj
 0002:00000598       ??_C@_0CL@JAIJJBAI@Unexpected?5call?5to?5mdlSetInputPo@ 0000000180003598     testc.obj
 0002:000005c8       ??_C@_0CM@MNCLOINF@Unexpected?5call?5to?5mdlSetOutputP@ 00000001800035c8     testc.obj
 0002:000005f8       ??_C@_0CO@OMIMJGF@Unexpected?5call?5to?5mdlSetDefault@ 00000001800035f8     testc.obj
 0002:00000628       ??_C@_0DA@LNAAAFDE@Unexpected?5call?5to?5mdlSetInputPo@ 0000000180003628     testc.obj
 0002:00000658       ??_C@_0DB@PLLPLNN@Unexpected?5call?5to?5mdlSetOutputP@ 0000000180003658     testc.obj
 0002:00000690       ??_C@_0DD@MOEEGKHI@Unexpected?5call?5to?5mdlSetDefault@ 0000000180003690     testc.obj
 0002:000006c8       ??_C@_0CM@HDDIPBHF@Unexpected?5call?5to?5mdlSetInputPo@ 00000001800036c8     testc.obj
 0002:000006f8       ??_C@_0CE@JOMFECJO@Unexpected?5call?5to?5mdlSetWorkWid@ 00000001800036f8     testc.obj
 0002:00000720       ??_C@_0CL@HOPJILOF@Unexpected?5call?5to?5mdlInitialize@ 0000000180003720     testc.obj
 0002:00000750       ??_C@_0BM@JEIMJPOB@Unexpected?5call?5to?5mdlStart?$AA@ 0000000180003750     testc.obj
 0002:00000770       ??_C@_0CG@FOAEDOAD@Unexpected?5call?5to?5mdlCheckParam@ 0000000180003770     testc.obj
 0002:00000798       ??_C@_0BN@LNBOMBLO@Unexpected?5call?5to?5mdlUpdate?$AA@ 0000000180003798     testc.obj
 0002:000007b8       ??_C@_0CC@EJAAFOAP@Unexpected?5call?5to?5mdlDerivative@ 00000001800037b8     testc.obj
 0002:000007e0       ??_C@_0DO@GOBOCJDL@Unexpected?5call?5to?5mdlGetSimStat@ 00000001800037e0     testc.obj
 0002:00000820       ??_C@_0DO@EKHIGJBK@Unexpected?5call?5to?5mdlSetSimStat@ 0000000180003820     testc.obj
 0002:00000860       ??_C@_0CH@KPHFBGAC@Invalid?5flag?5encountered?5in?5simu@ 0000000180003860     testc.obj
 0002:00000888       __real@41602cbca0000000    0000000180003888     testc.obj
 0002:00000890       _pDefaultRawDllMain        0000000180003890     MSVCRT:crtdll.obj
 0002:00000890       _pRawDllMain               0000000180003890     MSVCRT:crtdll.obj
 0002:000008b0       _load_config_used          00000001800038b0     MSVCRT:loadcfg.obj
 0002:00000920       __rtc_iaa                  0000000180003920     MSVCRT:initsect.obj
 0002:00000928       __rtc_izz                  0000000180003928     MSVCRT:initsect.obj
 0002:00000930       __rtc_taa                  0000000180003930     MSVCRT:initsect.obj
 0002:00000938       __rtc_tzz                  0000000180003938     MSVCRT:initsect.obj
 0002:00000a58       __IMPORT_DESCRIPTOR_libmx  0000000180003a58     libmx:libmx.dll
 0002:00000a6c       __IMPORT_DESCRIPTOR_libmex 0000000180003a6c     libmex:libmex.dll
 0002:00000a80       __IMPORT_DESCRIPTOR_MSVCR110 0000000180003a80     MSVCRT:MSVCR110.dll
 0002:00000a94       __IMPORT_DESCRIPTOR_KERNEL32 0000000180003a94     kernel32:KERNEL32.dll
 0002:00000aa8       __NULL_IMPORT_DESCRIPTOR   0000000180003aa8     libmx:libmx.dll
 0003:00000000       DYNAMIC_DIMENSION          0000000180004000     testc.obj
 0003:00000030       __security_cookie          0000000180004030     MSVCRT:gs_cookie.obj
 0003:00000038       __security_cookie_complement 0000000180004038     MSVCRT:gs_cookie.obj
 0003:00000040       _fltused                   0000000180004040     MSVCRT:dllsupp.obj
 0003:00000044       __native_dllmain_reason    0000000180004044     MSVCRT:natstart.obj
 0003:00000698       ?__type_info_root_node@@3U__type_info_node@@A 0000000180004698     MSVCRT:tncleanup.obj
 0003:000006a8       __native_startup_lock      00000001800046a8     <common>
 0003:000006b0       __native_startup_state     00000001800046b0     <common>
 0003:000006b8       __onexitend                00000001800046b8     <common>
 0003:000006c0       __onexitbegin              00000001800046c0     <common>
 0003:000006c8       __dyn_tls_init_callback    00000001800046c8     <common>

 entry point at        0001:0000122c

 Static symbols

 0001:00000000       _CreateSimStruct           0000000180001000 f   testc.obj
 0001:000000f0       _ProcessMexSfunctionCmdLineCall 00000001800010f0 f   testc.obj
 0001:00000500       _RegNumInputPortsCB        0000000180001500 f   testc.obj
 0001:00000550       _RegNumOutputPortsCB       0000000180001550 f   testc.obj
 0001:000005a0       mdlGetTimeOfNextVarHit     00000001800015a0 f   testc.obj
 0001:000005d0       mdlOutputs                 00000001800015d0 f   testc.obj
 0001:000005d0       mdlTerminate               00000001800015d0 f   testc.obj
 0001:000005d0       mdlDerivatives             00000001800015d0 f   testc.obj
 0001:000005d0       mdlUpdate                  00000001800015d0 f   testc.obj
 0001:000005d0       mdlInitializeConditions    00000001800015d0 f   testc.obj
 0001:000005d0       mdlStart                   00000001800015d0 f   testc.obj
 0001:000005e0       mdlInitializeSampleTimes   00000001800015e0 f   testc.obj
 0001:00000610       mdlInitializeSizes         0000000180001610 f   testc.obj
 0001:00000710       mdlZeroCrossings           0000000180001710 f   testc.obj
 0001:00000de8       $LN108                     0000000180001de8     testc.obj
 0001:00000f50       $$000000                   0000000180001f50     MSVCRT:amdsecgs.obj
 0001:00000f80       pre_c_init                 0000000180001f80 f   MSVCRT:crtdll.obj
 0001:0000126c       __DllMainCRTStartup        000000018000226c f   MSVCRT:crtdll.obj
 0001:00001860       __DllMainCRTStartup$filt$0 0000000180002860 f   MSVCRT:crtdll.obj
 0001:00001885       __DllMainCRTStartup$fin$1  0000000180002885 f   MSVCRT:crtdll.obj
 0001:000018a0       _IsNonwritableInCurrentImage$filt$0 00000001800028a0 f   MSVCRT:pesect.obj
 0001:000018c0       _onexit$fin$0              00000001800028c0 f   MSVCRT:atonexit.obj
 0002:00000150       pcinit                     0000000180003150     MSVCRT:crtdll.obj
 0002:00000158       pinit                      0000000180003158     MSVCRT:atonexit.obj
 0002:00000898       GS_ExceptionPointers       0000000180003898     MSVCRT:gs_report.obj
 0002:00000940       $unwind$_CreateSimStruct   0000000180003940     testc.obj
 0002:00000954       $unwind$_ProcessMexSfunctionCmdLineCall 0000000180003954     testc.obj
 0002:00000970       $xdatasym                  0000000180003970     MSVCRT:amdsecgs.obj
 0002:00000974       $unwind$_CRT_INIT          0000000180003974     MSVCRT:crtdll.obj
 0002:00000990       $unwind$__DllMainCRTStartup 0000000180003990     MSVCRT:crtdll.obj
 0002:000009cc       $unwind$_DllMainCRTStartup 00000001800039cc     MSVCRT:crtdll.obj
 0002:000009dc       $unwind$__report_gsfailure 00000001800039dc     MSVCRT:gs_report.obj
 0002:000009e4       $unwind$_IsNonwritableInCurrentImage 00000001800039e4     MSVCRT:pesect.obj
 0002:00000a08       $unwind$atexit             0000000180003a08     MSVCRT:atonexit.obj
 0002:00000a08       $unwind$__GSHandlerCheck   0000000180003a08     MSVCRT:atonexit.obj
 0002:00000a08       $unwind$DllMain            0000000180003a08     MSVCRT:atonexit.obj
 0002:00000a10       $unwind$_onexit            0000000180003a10     MSVCRT:atonexit.obj
 0002:00000a30       $unwind$_onexit$fin$0      0000000180003a30     MSVCRT:atonexit.obj
 0002:00000a30       $unwind$__DllMainCRTStartup$fin$1 0000000180003a30     MSVCRT:atonexit.obj
 0002:00000a30       $unwind$__DllMainCRTStartup$filt$0 0000000180003a30     MSVCRT:atonexit.obj
 0002:00000a30       $unwind$_IsNonwritableInCurrentImage$filt$0 0000000180003a30     MSVCRT:atonexit.obj
 0002:00000a38       $unwind$pre_c_init         0000000180003a38     MSVCRT:atonexit.obj
 0002:00000a38       $unwind$_RegNumInputPortsCB 0000000180003a38     MSVCRT:atonexit.obj
 0002:00000a38       $unwind$mexFunction        0000000180003a38     MSVCRT:atonexit.obj
 0002:00000a38       $unwind$__GSHandlerCheckCommon 0000000180003a38     MSVCRT:atonexit.obj
 0002:00000a38       $unwind$__atonexitinit     0000000180003a38     MSVCRT:atonexit.obj
 0002:00000a38       $unwind$_RegNumOutputPortsCB 0000000180003a38     MSVCRT:atonexit.obj
 0002:00000a38       $unwind$__raise_securityfailure 0000000180003a38     MSVCRT:atonexit.obj
 0002:00000a40       $unwind$__security_init_cookie 0000000180003a40     MSVCRT:gs_support.obj
 0002:00000a4c       $unwind$mdlInitializeSizes 0000000180003a4c     MSVCRT:initsect.obj
 0002:00000a4c       $unwind$_RTC_Initialize    0000000180003a4c     MSVCRT:initsect.obj
 0002:00000a4c       $unwind$_RTC_Terminate     0000000180003a4c     MSVCRT:initsect.obj
 0002:00000c5a       .idata$6                   0000000180003c5a     libmx:libmx.dll
 0002:00000c74       .idata$6                   0000000180003c74     libmex:libmex.dll
 0002:00000c92       .idata$6                   0000000180003c92     MSVCRT:MSVCR110.dll
 0002:00000e8a       .idata$6                   0000000180003e8a     kernel32:KERNEL32.dll
 0002:00000ea0       .edata                     0000000180003ea0     templib.exp
 0002:00000ec8       rgpv                       0000000180003ec8     templib.exp
 0002:00000ecc       rgszName                   0000000180003ecc     templib.exp
 0002:00000ed0       rgwOrd                     0000000180003ed0     templib.exp
 0002:00000ed2       szName                     0000000180003ed2     templib.exp
 0002:00000edf       $N00001                    0000000180003edf     templib.exp
 0003:00000008       _sfcnName                  0000000180004008     testc.obj
 0003:00000050       ?errmsg@?N@??ssWriteRTWWorkVect@@9@9 0000000180004050     testc.obj
 0003:00000118       __proc_attached            0000000180004118     MSVCRT:crtdll.obj
 0003:00000120       GS_ExceptionRecord         0000000180004120     MSVCRT:gs_report.obj
 0003:000001c0       GS_ContextRecord           00000001800041c0     MSVCRT:gs_report.obj
 0003:00000690       DebuggerWasPresent         0000000180004690     MSVCRT:gs_report.obj
 0004:00000000       $pdata$_CreateSimStruct    0000000180005000     testc.obj
 0004:0000000c       $pdata$_ProcessMexSfunctionCmdLineCall 000000018000500c     testc.obj
 0004:00000018       $pdata$_RegNumInputPortsCB 0000000180005018     testc.obj
 0004:00000024       $pdata$_RegNumOutputPortsCB 0000000180005024     testc.obj
 0004:00000030       $pdata$mdlInitializeSizes  0000000180005030     testc.obj
 0004:0000003c       $pdata$mexFunction         000000018000503c     testc.obj
 0004:00000048       $pdata$__GSHandlerCheck    0000000180005048     MSVCRT:gshandler.obj
 0004:00000054       $pdata$__GSHandlerCheckCommon 0000000180005054     MSVCRT:gshandler.obj
 0004:0000006c       $pdata$pre_c_init          000000018000506c     MSVCRT:crtdll.obj
 0004:00000078       $pdata$_CRT_INIT           0000000180005078     MSVCRT:crtdll.obj
 0004:00000084       $pdata$_DllMainCRTStartup  0000000180005084     MSVCRT:crtdll.obj
 0004:00000090       $pdata$__DllMainCRTStartup 0000000180005090     MSVCRT:crtdll.obj
 0004:0000009c       $pdata$__raise_securityfailure 000000018000509c     MSVCRT:gs_report.obj
 0004:000000a8       $pdata$__report_gsfailure  00000001800050a8     MSVCRT:gs_report.obj
 0004:000000b4       $pdata$_IsNonwritableInCurrentImage 00000001800050b4     MSVCRT:pesect.obj
 0004:000000c0       $pdata$__atonexitinit      00000001800050c0     MSVCRT:atonexit.obj
 0004:000000cc       $pdata$_onexit             00000001800050cc     MSVCRT:atonexit.obj
 0004:000000d8       $pdata$atexit              00000001800050d8     MSVCRT:atonexit.obj
 0004:000000e4       $pdata$__security_init_cookie 00000001800050e4     MSVCRT:gs_support.obj
 0004:000000f0       $pdata$DllMain             00000001800050f0     MSVCRT:dllmain.obj
 0004:000000fc       $pdata$_RTC_Initialize     00000001800050fc     MSVCRT:initsect.obj
 0004:00000108       $pdata$_RTC_Terminate      0000000180005108     MSVCRT:initsect.obj
 0004:00000114       $pdata$__DllMainCRTStartup$filt$0 0000000180005114     MSVCRT:crtdll.obj
 0004:00000120       $pdata$__DllMainCRTStartup$fin$1 0000000180005120     MSVCRT:crtdll.obj
 0004:0000012c       $pdata$_IsNonwritableInCurrentImage$filt$0 000000018000512c     MSVCRT:pesect.obj
 0004:00000138       $pdata$_onexit$fin$0       0000000180005138     MSVCRT:atonexit.obj
